<?xml version="1.0" encoding="utf-8" ?>
<result>
	<row>
		<label>VisitorType</label>
		<nb_visits>3</nb_visits>
		<nb_actions>5</nb_actions>
		<max_actions>3</max_actions>
		<sum_visit_length>725</sum_visit_length>
		<bounce_count>2</bounce_count>
		<goals>
			<row idgoal='1'>
				<nb_conversions>2</nb_conversions>
				<nb_visits_converted>2</nb_visits_converted>
				<revenue>1000</revenue>
			</row>
			<row idgoal='2'>
				<nb_conversions>1</nb_conversions>
				<nb_visits_converted>1</nb_visits_converted>
				<revenue>0</revenue>
			</row>
		</goals>
		<nb_conversions>3</nb_conversions>
		<revenue>1000</revenue>
		<sum_daily_nb_uniq_visitors>2</sum_daily_nb_uniq_visitors>
		<sum_daily_nb_users>0</sum_daily_nb_users>
		<subtable>
			<row>
				<label>LoggedIn</label>
				<nb_visits>1</nb_visits>
				<nb_actions>3</nb_actions>
				<max_actions>3</max_actions>
				<sum_visit_length>364</sum_visit_length>
				<bounce_count>0</bounce_count>
				<goals>
					<row idgoal='1'>
						<nb_conversions>1</nb_conversions>
						<nb_visits_converted>1</nb_visits_converted>
						<revenue>0</revenue>
					</row>
				</goals>
				<nb_conversions>1</nb_conversions>
				<revenue>0</revenue>
				<sum_daily_nb_uniq_visitors>1</sum_daily_nb_uniq_visitors>
				<sum_daily_nb_users>0</sum_daily_nb_users>
			</row>
			<row>
				<label>LoggedOut</label>
				<nb_visits>2</nb_visits>
				<nb_actions>2</nb_actions>
				<max_actions>1</max_actions>
				<sum_visit_length>361</sum_visit_length>
				<bounce_count>2</bounce_count>
				<goals>
					<row idgoal='1'>
						<nb_conversions>1</nb_conversions>
						<nb_visits_converted>1</nb_visits_converted>
						<revenue>1000</revenue>
					</row>
					<row idgoal='2'>
						<nb_conversions>1</nb_conversions>
						<nb_visits_converted>1</nb_visits_converted>
						<revenue>0</revenue>
					</row>
				</goals>
				<nb_conversions>2</nb_conversions>
				<revenue>1000</revenue>
				<sum_daily_nb_uniq_visitors>1</sum_daily_nb_uniq_visitors>
				<sum_daily_nb_users>0</sum_daily_nb_users>
			</row>
		</subtable>
	</row>
	<row>
		<label>SET WITH EMPTY VALUE</label>
		<nb_visits>1</nb_visits>
		<nb_actions>3</nb_actions>
		<max_actions>3</max_actions>
		<sum_visit_length>364</sum_visit_length>
		<bounce_count>0</bounce_count>
		<goals>
			<row idgoal='1'>
				<nb_conversions>1</nb_conversions>
				<nb_visits_converted>1</nb_visits_converted>
				<revenue>0</revenue>
			</row>
		</goals>
		<nb_conversions>1</nb_conversions>
		<revenue>0</revenue>
		<sum_daily_nb_uniq_visitors>1</sum_daily_nb_uniq_visitors>
		<sum_daily_nb_users>0</sum_daily_nb_users>
		<subtable>
			<row>
				<label>Value not defined</label>
				<nb_visits>1</nb_visits>
				<nb_actions>3</nb_actions>
				<max_actions>3</max_actions>
				<sum_visit_length>364</sum_visit_length>
				<bounce_count>0</bounce_count>
				<goals>
					<row idgoal='1'>
						<nb_conversions>1</nb_conversions>
						<nb_visits_converted>1</nb_visits_converted>
						<revenue>0</revenue>
					</row>
				</goals>
				<nb_conversions>1</nb_conversions>
				<revenue>0</revenue>
				<sum_daily_nb_uniq_visitors>1</sum_daily_nb_uniq_visitors>
				<sum_daily_nb_users>0</sum_daily_nb_users>
			</row>
		</subtable>
	</row>
	<row>
		<label>Status user</label>
		<nb_actions>3</nb_actions>
		<subtable>
			<row>
				<label>looking at &quot;profile page&quot;</label>
				<nb_visits>2</nb_visits>
				<nb_actions>2</nb_actions>
				<sum_daily_nb_uniq_visitors>2</sum_daily_nb_uniq_visitors>
			</row>
			<row>
				<label>Loggedin</label>
				<nb_visits>1</nb_visits>
				<nb_actions>1</nb_actions>
				<sum_daily_nb_uniq_visitors>1</sum_daily_nb_uniq_visitors>
			</row>
		</subtable>
	</row>
	<row>
		<label>Value will be VERY long and truncated</label>
		<nb_visits>1</nb_visits>
		<nb_actions>3</nb_actions>
		<max_actions>3</max_actions>
		<sum_visit_length>364</sum_visit_length>
		<bounce_count>0</bounce_count>
		<goals>
			<row idgoal='1'>
				<nb_conversions>1</nb_conversions>
				<nb_visits_converted>1</nb_visits_converted>
				<revenue>0</revenue>
			</row>
		</goals>
		<nb_conversions>1</nb_conversions>
		<revenue>0</revenue>
		<sum_daily_nb_uniq_visitors>1</sum_daily_nb_uniq_visitors>
		<sum_daily_nb_users>0</sum_daily_nb_users>
		<subtable>
			<row>
				<label>abcdefghijklmnopqrstuvwxyz----abcdefghijklmnopqrstuvwxyz----abcdefghijklmnopqrstuvwxyz----abcdefghijklmnopqrstuvwxyz----abcdefghijklmnopqrstuvwxyz----abcdefghijklmnopqrstuvwxyz----abcdefghijklmnopqrst</label>
				<nb_visits>1</nb_visits>
				<nb_actions>3</nb_actions>
				<max_actions>3</max_actions>
				<sum_visit_length>364</sum_visit_length>
				<bounce_count>0</bounce_count>
				<goals>
					<row idgoal='1'>
						<nb_conversions>1</nb_conversions>
						<nb_visits_converted>1</nb_visits_converted>
						<revenue>0</revenue>
					</row>
				</goals>
				<nb_conversions>1</nb_conversions>
				<revenue>0</revenue>
				<sum_daily_nb_uniq_visitors>1</sum_daily_nb_uniq_visitors>
				<sum_daily_nb_users>0</sum_daily_nb_users>
			</row>
		</subtable>
	</row>
	<row>
		<label>Othercustom value which should be truncated abcdefghijklmnopqrstuvwxyz</label>
		<nb_visits>2</nb_visits>
		<nb_actions>2</nb_actions>
		<max_actions>1</max_actions>
		<sum_visit_length>361</sum_visit_length>
		<bounce_count>2</bounce_count>
		<goals>
			<row idgoal='1'>
				<nb_conversions>1</nb_conversions>
				<nb_visits_converted>1</nb_visits_converted>
				<revenue>1000</revenue>
			</row>
		</goals>
		<nb_conversions>1</nb_conversions>
		<revenue>1000</revenue>
		<sum_daily_nb_uniq_visitors>1</sum_daily_nb_uniq_visitors>
		<sum_daily_nb_users>0</sum_daily_nb_users>
		<subtable>
			<row>
				<label>abcdefghijklmnopqrstuvwxyzabcdefghijklmnopqrstuvwxyzabcdefghijklmnopqrstuvwxyzabcdefghijklmnopqrstuvwxyz</label>
				<nb_visits>2</nb_visits>
				<nb_actions>2</nb_actions>
				<max_actions>1</max_actions>
				<sum_visit_length>361</sum_visit_length>
				<bounce_count>2</bounce_count>
				<goals>
					<row idgoal='1'>
						<nb_conversions>1</nb_conversions>
						<nb_visits_converted>1</nb_visits_converted>
						<revenue>1000</revenue>
					</row>
				</goals>
				<nb_conversions>1</nb_conversions>
				<revenue>1000</revenue>
				<sum_daily_nb_uniq_visitors>1</sum_daily_nb_uniq_visitors>
				<sum_daily_nb_users>0</sum_daily_nb_users>
			</row>
		</subtable>
	</row>
	<row>
		<label>Language</label>
		<nb_actions>1</nb_actions>
		<subtable>
			<row>
				<label>FR</label>
				<nb_visits>1</nb_visits>
				<nb_actions>1</nb_actions>
				<sum_daily_nb_uniq_visitors>1</sum_daily_nb_uniq_visitors>
			</row>
		</subtable>
	</row>
	<row>
		<label>SET WITH EMPTY VALUE PAGE SCOPE</label>
		<nb_actions>1</nb_actions>
		<subtable>
			<row>
				<label>Value not defined</label>
				<nb_visits>1</nb_visits>
				<nb_actions>1</nb_actions>
				<sum_daily_nb_uniq_visitors>1</sum_daily_nb_uniq_visitors>
			</row>
		</subtable>
	</row>
</result>