<?xml version="1.0" encoding="utf-8" ?>
<result>
	<nb_uniq_visitors>1</nb_uniq_visitors>
	<nb_pageviews>4</nb_pageviews>
	<bounce_rate>50%</bounce_rate>
</result>