<?xml version="1.0" encoding="utf-8" ?>
<result>
	<row>
		<label>dir1</label>
		<nb_visits>6</nb_visits>
		<nb_hits>6</nb_hits>
		<sum_time_spent>0</sum_time_spent>
		<nb_hits_with_time_generation>6</nb_hits_with_time_generation>
		<min_time_generation>0.1</min_time_generation>
		<max_time_generation>0.6</max_time_generation>
		<entry_nb_visits>2</entry_nb_visits>
		<entry_nb_actions>6</entry_nb_actions>
		<entry_sum_visit_length>2</entry_sum_visit_length>
		<entry_bounce_count>0</entry_bounce_count>
		<exit_nb_visits>2</exit_nb_visits>
		<avg_time_on_page>0</avg_time_on_page>
		<bounce_rate>0%</bounce_rate>
		<exit_rate>33%</exit_rate>
		<avg_time_generation>0.3</avg_time_generation>
		<subtable>
			<row>
				<label>sub</label>
				<nb_visits>6</nb_visits>
				<nb_hits>6</nb_hits>
				<sum_time_spent>0</sum_time_spent>
				<nb_hits_with_time_generation>6</nb_hits_with_time_generation>
				<min_time_generation>0.1</min_time_generation>
				<max_time_generation>0.6</max_time_generation>
				<entry_nb_visits>2</entry_nb_visits>
				<entry_nb_actions>6</entry_nb_actions>
				<entry_sum_visit_length>2</entry_sum_visit_length>
				<entry_bounce_count>0</entry_bounce_count>
				<exit_nb_visits>2</exit_nb_visits>
				<avg_time_on_page>0</avg_time_on_page>
				<bounce_rate>0%</bounce_rate>
				<exit_rate>33%</exit_rate>
				<avg_time_generation>0.3</avg_time_generation>
			</row>
		</subtable>
	</row>
	<row>
		<label>dir2</label>
		<nb_visits>6</nb_visits>
		<nb_hits>6</nb_hits>
		<sum_time_spent>0</sum_time_spent>
		<nb_hits_with_time_generation>6</nb_hits_with_time_generation>
		<min_time_generation>0.2</min_time_generation>
		<max_time_generation>1.2</max_time_generation>
		<entry_nb_visits>2</entry_nb_visits>
		<entry_nb_actions>6</entry_nb_actions>
		<entry_sum_visit_length>2</entry_sum_visit_length>
		<entry_bounce_count>0</entry_bounce_count>
		<exit_nb_visits>2</exit_nb_visits>
		<avg_time_on_page>0</avg_time_on_page>
		<bounce_rate>0%</bounce_rate>
		<exit_rate>33%</exit_rate>
		<avg_time_generation>0.6</avg_time_generation>
		<subtable>
			<row>
				<label>sub</label>
				<nb_visits>6</nb_visits>
				<nb_hits>6</nb_hits>
				<sum_time_spent>0</sum_time_spent>
				<nb_hits_with_time_generation>6</nb_hits_with_time_generation>
				<min_time_generation>0.2</min_time_generation>
				<max_time_generation>1.2</max_time_generation>
				<entry_nb_visits>2</entry_nb_visits>
				<entry_nb_actions>6</entry_nb_actions>
				<entry_sum_visit_length>2</entry_sum_visit_length>
				<entry_bounce_count>0</entry_bounce_count>
				<exit_nb_visits>2</exit_nb_visits>
				<avg_time_on_page>0</avg_time_on_page>
				<bounce_rate>0%</bounce_rate>
				<exit_rate>33%</exit_rate>
				<avg_time_generation>0.6</avg_time_generation>
			</row>
		</subtable>
	</row>
	<row>
		<label>dir3</label>
		<nb_visits>6</nb_visits>
		<nb_hits>6</nb_hits>
		<sum_time_spent>0</sum_time_spent>
		<nb_hits_with_time_generation>6</nb_hits_with_time_generation>
		<min_time_generation>0.3</min_time_generation>
		<max_time_generation>1.8</max_time_generation>
		<entry_nb_visits>2</entry_nb_visits>
		<entry_nb_actions>6</entry_nb_actions>
		<entry_sum_visit_length>2</entry_sum_visit_length>
		<entry_bounce_count>0</entry_bounce_count>
		<exit_nb_visits>2</exit_nb_visits>
		<avg_time_on_page>0</avg_time_on_page>
		<bounce_rate>0%</bounce_rate>
		<exit_rate>33%</exit_rate>
		<avg_time_generation>0.9</avg_time_generation>
		<subtable>
			<row>
				<label>sub</label>
				<nb_visits>6</nb_visits>
				<nb_hits>6</nb_hits>
				<sum_time_spent>0</sum_time_spent>
				<nb_hits_with_time_generation>6</nb_hits_with_time_generation>
				<min_time_generation>0.3</min_time_generation>
				<max_time_generation>1.8</max_time_generation>
				<entry_nb_visits>2</entry_nb_visits>
				<entry_nb_actions>6</entry_nb_actions>
				<entry_sum_visit_length>2</entry_sum_visit_length>
				<entry_bounce_count>0</entry_bounce_count>
				<exit_nb_visits>2</exit_nb_visits>
				<avg_time_on_page>0</avg_time_on_page>
				<bounce_rate>0%</bounce_rate>
				<exit_rate>33%</exit_rate>
				<avg_time_generation>0.9</avg_time_generation>
			</row>
		</subtable>
	</row>
	<row>
		<label>/page1.html</label>
		<nb_visits>1</nb_visits>
		<nb_hits>1</nb_hits>
		<sum_time_spent>0</sum_time_spent>
		<nb_hits_with_time_generation>0</nb_hits_with_time_generation>
		<min_time_generation />
		<max_time_generation />
		<exit_nb_visits>1</exit_nb_visits>
		<sum_daily_nb_uniq_visitors>1</sum_daily_nb_uniq_visitors>
		<sum_daily_exit_nb_uniq_visitors>1</sum_daily_exit_nb_uniq_visitors>
		<avg_time_on_page>0</avg_time_on_page>
		<bounce_rate>0%</bounce_rate>
		<exit_rate>100%</exit_rate>
		<avg_time_generation>0</avg_time_generation>
		<url>http://example.org/page1.html</url>
		<segment>pageUrl==http%3A%2F%2Fexample.org%2Fpage1.html</segment>
	</row>
	<row>
		<label>sub</label>
		<nb_visits>1</nb_visits>
		<nb_hits>1</nb_hits>
		<sum_time_spent>0</sum_time_spent>
		<nb_hits_with_time_generation>0</nb_hits_with_time_generation>
		<min_time_generation />
		<max_time_generation>0</max_time_generation>
		<entry_nb_visits>1</entry_nb_visits>
		<entry_nb_actions>2</entry_nb_actions>
		<entry_sum_visit_length>1</entry_sum_visit_length>
		<entry_bounce_count>0</entry_bounce_count>
		<avg_time_on_page>0</avg_time_on_page>
		<bounce_rate>0%</bounce_rate>
		<exit_rate>0%</exit_rate>
		<avg_time_generation>0</avg_time_generation>
		<subtable>
			<row>
				<label>dir</label>
				<nb_visits>1</nb_visits>
				<nb_hits>1</nb_hits>
				<sum_time_spent>0</sum_time_spent>
				<entry_nb_visits>1</entry_nb_visits>
				<entry_nb_actions>2</entry_nb_actions>
				<entry_sum_visit_length>1</entry_sum_visit_length>
				<entry_bounce_count>0</entry_bounce_count>
				<avg_time_on_page>0</avg_time_on_page>
				<bounce_rate>0%</bounce_rate>
				<exit_rate>0%</exit_rate>
			</row>
		</subtable>
	</row>
</result>