<?xml version="1.0" encoding="utf-8" ?>
<result>
	<nb_visits>6</nb_visits>
	<nb_actions>9</nb_actions>
	<nb_pageviews>9</nb_pageviews>
	<revenue>0</revenue>
</result>