<?xml version="1.0" encoding="utf-8" ?>
<result>
	<row>
		<label>Search Category</label>
		<nb_visits>2</nb_visits>
		<nb_actions>3</nb_actions>
		<sum_daily_nb_uniq_visitors>2</sum_daily_nb_uniq_visitors>
		<nb_pages_per_search>1.5</nb_pages_per_search>
	</row>
	<row>
		<label>Bad No Result Category :(</label>
		<nb_visits>1</nb_visits>
		<nb_actions>1</nb_actions>
		<sum_daily_nb_uniq_visitors>1</sum_daily_nb_uniq_visitors>
		<nb_pages_per_search>1</nb_pages_per_search>
	</row>
	<row>
		<label>Category</label>
		<nb_visits>1</nb_visits>
		<nb_actions>1</nb_actions>
		<sum_daily_nb_uniq_visitors>1</sum_daily_nb_uniq_visitors>
		<nb_pages_per_search>1</nb_pages_per_search>
	</row>
</result>