<?xml version="1.0" encoding="utf-8" ?>
<result>
	<row>
		<label>unknown</label>
		<nb_visits>35</nb_visits>
		<nb_actions>42</nb_actions>
		<max_actions>3</max_actions>
		<sum_visit_length>551</sum_visit_length>
		<bounce_count>30</bounce_count>
		<nb_visits_converted>31</nb_visits_converted>
		<sum_daily_nb_uniq_visitors>33</sum_daily_nb_uniq_visitors>
		<sum_daily_nb_users>2</sum_daily_nb_users>
		<segment>resolution==unknown</segment>
	</row>
	<row>
		<label>1024x768</label>
		<nb_visits>1</nb_visits>
		<nb_actions>1</nb_actions>
		<max_actions>1</max_actions>
		<sum_visit_length>0</sum_visit_length>
		<bounce_count>1</bounce_count>
		<nb_visits_converted>1</nb_visits_converted>
		<sum_daily_nb_uniq_visitors>1</sum_daily_nb_uniq_visitors>
		<sum_daily_nb_users>0</sum_daily_nb_users>
		<segment>resolution==1024x768</segment>
	</row>
	<row>
		<label>1280x800</label>
		<nb_visits>1</nb_visits>
		<nb_actions>1</nb_actions>
		<max_actions>1</max_actions>
		<sum_visit_length>0</sum_visit_length>
		<bounce_count>1</bounce_count>
		<nb_visits_converted>1</nb_visits_converted>
		<sum_daily_nb_uniq_visitors>1</sum_daily_nb_uniq_visitors>
		<sum_daily_nb_users>0</sum_daily_nb_users>
		<segment>resolution==1280x800</segment>
	</row>
</result>