<?xml version="1.0" encoding="utf-8" ?>
<results>
	<result idSite="1">
		<row>
			<label> Purchasing...</label>
			<nb_visits>8</nb_visits>
			<nb_hits>8</nb_hits>
			<sum_time_spent>0</sum_time_spent>
			<nb_hits_with_time_generation>8</nb_hits_with_time_generation>
			<min_time_generation>0.452</min_time_generation>
			<max_time_generation>0.452</max_time_generation>
			<exit_nb_visits>8</exit_nb_visits>
			<sum_daily_nb_uniq_visitors>8</sum_daily_nb_uniq_visitors>
			<sum_daily_exit_nb_uniq_visitors>8</sum_daily_exit_nb_uniq_visitors>
			<avg_time_on_page>0</avg_time_on_page>
			<bounce_rate>0%</bounce_rate>
			<exit_rate>100%</exit_rate>
			<avg_time_generation>0.452</avg_time_generation>
		</row>
	</result>
	<result idSite="2" />
</results>