<?xml version="1.0" encoding="utf-8" ?>
<result>
	<row>userid.email@example.org</row>
</result>