<?xml version="1.0" encoding="utf-8" ?>
<results>
	<result idSite="1">
		<result date="2010-01">
			<row>
				<label>/index.htm</label>
				<nb_visits>1</nb_visits>
				<nb_hits>1</nb_hits>
				<sum_time_spent>36</sum_time_spent>
				<nb_hits_following_search>1</nb_hits_following_search>
				<sum_daily_nb_uniq_visitors>1</sum_daily_nb_uniq_visitors>
				<avg_time_on_page>36</avg_time_on_page>
				<bounce_rate>0%</bounce_rate>
				<exit_rate>0%</exit_rate>
				<url>http://example.org/index.htm</url>
			</row>
			<row>
				<label>/index.htm?random=PAGEVIEW, NOT SEARCH&amp;mykwd=&amp;IS_FOLLOWING_SEARCH ONCE</label>
				<nb_visits>1</nb_visits>
				<nb_hits>2</nb_hits>
				<sum_time_spent>216</sum_time_spent>
				<nb_hits_following_search>1</nb_hits_following_search>
				<sum_daily_nb_uniq_visitors>1</sum_daily_nb_uniq_visitors>
				<avg_time_on_page>216</avg_time_on_page>
				<bounce_rate>0%</bounce_rate>
				<exit_rate>0%</exit_rate>
				<url>http://example.org/index.htm?random=PAGEVIEW, NOT SEARCH&amp;mykwd=&amp;IS_FOLLOWING_SEARCH ONCE</url>
			</row>
		</result>
		<result date="2010-02" />
		<result date="2010-03" />
		<result date="2010-04" />
		<result date="2010-05" />
		<result date="2010-06" />
		<result date="2010-07" />
	</result>
	<result idSite="2">
		<result date="2010-01" />
		<result date="2010-02" />
		<result date="2010-03" />
		<result date="2010-04" />
		<result date="2010-05" />
		<result date="2010-06" />
		<result date="2010-07" />
	</result>
	<result idSite="3">
		<result date="2010-01" />
		<result date="2010-02" />
		<result date="2010-03" />
		<result date="2010-04" />
		<result date="2010-05" />
		<result date="2010-06" />
		<result date="2010-07" />
	</result>
</results>