<?xml version="1.0" encoding="utf-8" ?>
<result>
	<row>
		<label>No Result Keyword!</label>
		<nb_visits>1</nb_visits>
		<nb_hits>1</nb_hits>
		<sum_time_spent>36</sum_time_spent>
		<nb_pages_per_search>1</nb_pages_per_search>
		<avg_time_on_page>36</avg_time_on_page>
		<bounce_rate>0%</bounce_rate>
		<exit_rate>0%</exit_rate>
	</row>
</result>