<?xml version="1.0" encoding="utf-8" ?>
<result>
	<row>
		<label>/contact.htm</label>
		<nb_visits>7</nb_visits>
		<nb_uniq_visitors>1</nb_uniq_visitors>
		<nb_hits>7</nb_hits>
		<sum_time_spent>0</sum_time_spent>
		<entry_nb_uniq_visitors>1</entry_nb_uniq_visitors>
		<entry_nb_visits>6</entry_nb_visits>
		<entry_nb_actions>6</entry_nb_actions>
		<entry_sum_visit_length>0</entry_sum_visit_length>
		<entry_bounce_count>6</entry_bounce_count>
		<exit_nb_uniq_visitors>1</exit_nb_uniq_visitors>
		<exit_nb_visits>7</exit_nb_visits>
		<avg_time_on_page>0</avg_time_on_page>
		<bounce_rate>100%</bounce_rate>
		<exit_rate>100%</exit_rate>
		<url>http://example.org/contact.htm</url>
		<segment>pageUrl==http%3A%2F%2Fexample.org%2Fcontact.htm</segment>
	</row>
	<row>
		<label>category</label>
		<nb_visits>4</nb_visits>
		<nb_hits>7</nb_hits>
		<sum_time_spent>0</sum_time_spent>
		<entry_nb_visits>1</entry_nb_visits>
		<entry_nb_actions>13</entry_nb_actions>
		<entry_sum_visit_length>1</entry_sum_visit_length>
		<entry_bounce_count>0</entry_bounce_count>
		<avg_time_on_page>0</avg_time_on_page>
		<bounce_rate>0%</bounce_rate>
		<exit_rate>0%</exit_rate>
		<subtable>
			<row>
				<label>/Page1</label>
				<nb_visits>1</nb_visits>
				<nb_uniq_visitors>1</nb_uniq_visitors>
				<nb_hits>1</nb_hits>
				<sum_time_spent>0</sum_time_spent>
				<entry_nb_uniq_visitors>1</entry_nb_uniq_visitors>
				<entry_nb_visits>1</entry_nb_visits>
				<entry_nb_actions>13</entry_nb_actions>
				<entry_sum_visit_length>1</entry_sum_visit_length>
				<entry_bounce_count>0</entry_bounce_count>
				<avg_time_on_page>0</avg_time_on_page>
				<bounce_rate>0%</bounce_rate>
				<exit_rate>0%</exit_rate>
				<url>http://example.org/category/Page1</url>
			</row>
			<row>
				<label>/Page2</label>
				<nb_visits>1</nb_visits>
				<nb_uniq_visitors>1</nb_uniq_visitors>
				<nb_hits>1</nb_hits>
				<sum_time_spent>0</sum_time_spent>
				<avg_time_on_page>0</avg_time_on_page>
				<bounce_rate>0%</bounce_rate>
				<exit_rate>0%</exit_rate>
				<url>http://example.org/category/Page2</url>
			</row>
			<row>
				<label>Autres</label>
				<nb_visits>2</nb_visits>
				<nb_uniq_visitors>2</nb_uniq_visitors>
				<nb_hits>5</nb_hits>
				<sum_time_spent>0</sum_time_spent>
				<avg_time_on_page>0</avg_time_on_page>
				<bounce_rate>0%</bounce_rate>
				<exit_rate>0%</exit_rate>
			</row>
		</subtable>
	</row>
	<row>
		<label>Autres</label>
		<nb_visits>3</nb_visits>
		<nb_uniq_visitors>3</nb_uniq_visitors>
		<nb_hits>5</nb_hits>
		<sum_time_spent>0</sum_time_spent>
		<avg_time_on_page>0</avg_time_on_page>
		<bounce_rate>0%</bounce_rate>
		<exit_rate>0%</exit_rate>
	</row>
</result>