<?xml version="1.0" encoding="utf-8" ?>
<result>
	<row>
		<label>index</label>
		<nb_visits>1</nb_visits>
		<nb_uniq_visitors>1</nb_uniq_visitors>
		<nb_hits>1</nb_hits>
		<sum_time_spent>180</sum_time_spent>
		<nb_hits_with_time_generation>1</nb_hits_with_time_generation>
		<min_time_generation>0.224</min_time_generation>
		<max_time_generation>0.224</max_time_generation>
		<avg_time_on_page>180</avg_time_on_page>
		<bounce_rate>0%</bounce_rate>
		<exit_rate>0%</exit_rate>
		<avg_time_generation>0.224</avg_time_generation>
		<url>http://example.org/</url>
		<segment>pageUrl==http%3A%2F%2Fexample.org%2F</segment>
	</row>
	<row>
		<label>index.htm</label>
		<nb_visits>1</nb_visits>
		<nb_uniq_visitors>1</nb_uniq_visitors>
		<nb_hits>1</nb_hits>
		<sum_time_spent>0</sum_time_spent>
		<nb_hits_with_time_generation>1</nb_hits_with_time_generation>
		<min_time_generation>0.023</min_time_generation>
		<max_time_generation>0.023</max_time_generation>
		<exit_nb_uniq_visitors>1</exit_nb_uniq_visitors>
		<exit_nb_visits>1</exit_nb_visits>
		<avg_time_on_page>0</avg_time_on_page>
		<bounce_rate>0%</bounce_rate>
		<exit_rate>100%</exit_rate>
		<avg_time_generation>0.023</avg_time_generation>
		<url>http://example.org/index.htm</url>
		<segment>pageUrl==http%3A%2F%2Fexample.org%2Findex.htm</segment>
	</row>
	<row>
		<label>index.htm?parameter=Should display</label>
		<nb_visits>1</nb_visits>
		<nb_uniq_visitors>1</nb_uniq_visitors>
		<nb_hits>1</nb_hits>
		<sum_time_spent>180</sum_time_spent>
		<nb_hits_with_time_generation>1</nb_hits_with_time_generation>
		<min_time_generation>0.234</min_time_generation>
		<max_time_generation>0.234</max_time_generation>
		<entry_nb_uniq_visitors>1</entry_nb_uniq_visitors>
		<entry_nb_visits>1</entry_nb_visits>
		<entry_nb_actions>7</entry_nb_actions>
		<entry_sum_visit_length>1621</entry_sum_visit_length>
		<entry_bounce_count>0</entry_bounce_count>
		<avg_time_on_page>180</avg_time_on_page>
		<bounce_rate>0%</bounce_rate>
		<exit_rate>0%</exit_rate>
		<avg_time_generation>0.234</avg_time_generation>
		<url>http://example.org/index.htm?parameter=Should display</url>
		<segment>pageUrl==http%3A%2F%2Fexample.org%2Findex.htm%3Fparameter%3DShould+display</segment>
	</row>
</result>