<?xml version="1.0" encoding="utf-8" ?>
<result>
	<row>
		<label>Google</label>
		<nb_uniq_visitors>3</nb_uniq_visitors>
		<nb_visits>3</nb_visits>
		<nb_actions>3</nb_actions>
		<nb_users>0</nb_users>
		<max_actions>1</max_actions>
		<sum_visit_length>0</sum_visit_length>
		<bounce_count>3</bounce_count>
		<nb_visits_converted>0</nb_visits_converted>
		<segment>referrerType==search;referrerName==Google</segment>
		<url>http://google.com</url>
		<logo>plugins/Referrers/images/searchEngines/google.com.png</logo>
		<subtable>
			<row>
				<label>search term 3</label>
				<nb_uniq_visitors>1</nb_uniq_visitors>
				<nb_visits>1</nb_visits>
				<nb_actions>1</nb_actions>
				<nb_users>0</nb_users>
				<max_actions>1</max_actions>
				<sum_visit_length>0</sum_visit_length>
				<bounce_count>1</bounce_count>
				<nb_visits_converted>0</nb_visits_converted>
			</row>
			<row>
				<label>Others</label>
				<nb_uniq_visitors>2</nb_uniq_visitors>
				<nb_visits>2</nb_visits>
				<nb_actions>2</nb_actions>
				<nb_users>0</nb_users>
				<max_actions>1</max_actions>
				<sum_visit_length>0</sum_visit_length>
				<bounce_count>2</bounce_count>
				<nb_visits_converted>0</nb_visits_converted>
			</row>
		</subtable>
	</row>
	<row>
		<label>Yahoo!</label>
		<nb_uniq_visitors>3</nb_uniq_visitors>
		<nb_visits>3</nb_visits>
		<nb_actions>3</nb_actions>
		<nb_users>0</nb_users>
		<max_actions>1</max_actions>
		<sum_visit_length>0</sum_visit_length>
		<bounce_count>3</bounce_count>
		<nb_visits_converted>0</nb_visits_converted>
		<segment>referrerType==search;referrerName==Yahoo%21</segment>
		<url>http://search.yahoo.com</url>
		<logo>plugins/Referrers/images/searchEngines/search.yahoo.com.png</logo>
		<subtable>
			<row>
				<label>search term 4</label>
				<nb_uniq_visitors>1</nb_uniq_visitors>
				<nb_visits>1</nb_visits>
				<nb_actions>1</nb_actions>
				<nb_users>0</nb_users>
				<max_actions>1</max_actions>
				<sum_visit_length>0</sum_visit_length>
				<bounce_count>1</bounce_count>
				<nb_visits_converted>0</nb_visits_converted>
			</row>
			<row>
				<label>Others</label>
				<nb_uniq_visitors>2</nb_uniq_visitors>
				<nb_visits>2</nb_visits>
				<nb_actions>2</nb_actions>
				<nb_users>0</nb_users>
				<max_actions>1</max_actions>
				<sum_visit_length>0</sum_visit_length>
				<bounce_count>2</bounce_count>
				<nb_visits_converted>0</nb_visits_converted>
			</row>
		</subtable>
	</row>
	<row>
		<label>Others</label>
		<nb_uniq_visitors>6</nb_uniq_visitors>
		<nb_visits>6</nb_visits>
		<nb_actions>6</nb_actions>
		<nb_users>0</nb_users>
		<max_actions>1</max_actions>
		<sum_visit_length>0</sum_visit_length>
		<bounce_count>6</bounce_count>
		<nb_visits_converted>0</nb_visits_converted>
		<url>URL unknown!</url>
		<logo>plugins/Referrers/images/searchEngines/xx.png</logo>
	</row>
</result>