<?xml version="1.0" encoding="utf-8" ?>
<result>
	<website>Site 1 - Site search</website>
	<prettyDate>3 Jan 10 - 9 Jan 10</prettyDate>
	<metadata>
		<category>Actions</category>
		<name>Actions - Main metrics</name>
		<module>Actions</module>
		<action>get</action>
		<metrics>
			<nb_pageviews>Pageviews</nb_pageviews>
			<nb_uniq_pageviews>Unique Pageviews</nb_uniq_pageviews>
			<nb_downloads>Downloads</nb_downloads>
			<nb_uniq_downloads>Unique Downloads</nb_uniq_downloads>
			<nb_outlinks>Outlinks</nb_outlinks>
			<nb_uniq_outlinks>Unique Outlinks</nb_uniq_outlinks>
			<nb_searches>Searches</nb_searches>
			<nb_keywords>Unique Keywords</nb_keywords>
		</metrics>
		<metricsDocumentation>
			<nb_pageviews>The number of times this page was visited.</nb_pageviews>
			<nb_uniq_pageviews>The number of visits that included this page. If a page was viewed multiple times during one visit, it is only counted once.</nb_uniq_pageviews>
			<nb_downloads>The number of times this link was clicked.</nb_downloads>
			<nb_uniq_downloads>The number of visits that involved a click on this link. If a link was clicked multiple times during one visit, it is only counted once.</nb_uniq_downloads>
			<nb_outlinks>The number of times this link was clicked.</nb_outlinks>
			<nb_uniq_outlinks>The number of visits that involved a click on this link. If a link was clicked multiple times during one visit, it is only counted once.</nb_uniq_outlinks>
			<nb_searches>The number of visits that searched for this keyword on your website's search engine.</nb_searches>
		</metricsDocumentation>
		<processedMetrics>
			<avg_time_generation>Avg. generation time</avg_time_generation>
		</processedMetrics>
		<imageGraphUrl>index.php?module=API&amp;method=ImageGraph.get&amp;idSite=1&amp;apiModule=Actions&amp;apiAction=get&amp;period=day&amp;date=2010-01-03,2010-01-09</imageGraphUrl>
		<imageGraphEvolutionUrl>index.php?module=API&amp;method=ImageGraph.get&amp;idSite=1&amp;apiModule=Actions&amp;apiAction=get&amp;period=day&amp;date=2010-01-03,2010-01-09</imageGraphEvolutionUrl>
		<uniqueId>Actions_get</uniqueId>
	</metadata>
	<columns>
		<nb_pageviews>Pageviews</nb_pageviews>
		<nb_uniq_pageviews>Unique Pageviews</nb_uniq_pageviews>
		<nb_downloads>Downloads</nb_downloads>
		<nb_uniq_downloads>Unique Downloads</nb_uniq_downloads>
		<nb_outlinks>Outlinks</nb_outlinks>
		<nb_uniq_outlinks>Unique Outlinks</nb_uniq_outlinks>
		<nb_searches>Searches</nb_searches>
		<nb_keywords>Unique Keywords</nb_keywords>
	</columns>
	<reportData>
		<result prettyDate="Sunday 3 January 2010">
			<nb_pageviews>4</nb_pageviews>
			<nb_uniq_pageviews>3</nb_uniq_pageviews>
			<nb_downloads>0</nb_downloads>
			<nb_uniq_downloads>0</nb_uniq_downloads>
			<nb_outlinks>0</nb_outlinks>
			<nb_uniq_outlinks>0</nb_uniq_outlinks>
			<nb_searches>9</nb_searches>
			<nb_keywords>3</nb_keywords>
		</result>
		<result prettyDate="Monday 4 January 2010">
			<nb_pageviews>0</nb_pageviews>
			<nb_uniq_pageviews>0</nb_uniq_pageviews>
			<nb_downloads>0</nb_downloads>
			<nb_uniq_downloads>0</nb_uniq_downloads>
			<nb_outlinks>0</nb_outlinks>
			<nb_uniq_outlinks>0</nb_uniq_outlinks>
			<nb_searches>4</nb_searches>
			<nb_keywords>3</nb_keywords>
		</result>
		<result prettyDate="Tuesday 5 January 2010" />
		<result prettyDate="Wednesday 6 January 2010" />
		<result prettyDate="Thursday 7 January 2010" />
		<result prettyDate="Friday 8 January 2010" />
		<result prettyDate="Saturday 9 January 2010" />
	</reportData>
	<reportMetadata>
		<result prettyDate="Sunday 3 January 2010" />
		<result prettyDate="Monday 4 January 2010" />
		<result prettyDate="Tuesday 5 January 2010" />
		<result prettyDate="Wednesday 6 January 2010" />
		<result prettyDate="Thursday 7 January 2010" />
		<result prettyDate="Friday 8 January 2010" />
		<result prettyDate="Saturday 9 January 2010" />
	</reportMetadata>
	<reportTotal>
	</reportTotal>
</result>