<?xml version="1.0" encoding="utf-8" ?>
<results>
	<result idSite="1">
		<result date="2010-01">
			<nb_pageviews>4</nb_pageviews>
			<nb_uniq_pageviews>3</nb_uniq_pageviews>
			<nb_downloads>0</nb_downloads>
			<nb_uniq_downloads>0</nb_uniq_downloads>
			<nb_outlinks>0</nb_outlinks>
			<nb_uniq_outlinks>0</nb_uniq_outlinks>
			<nb_searches>13</nb_searches>
			<nb_keywords>5</nb_keywords>
		</result>
		<result date="2010-02" />
		<result date="2010-03" />
		<result date="2010-04" />
		<result date="2010-05" />
		<result date="2010-06" />
		<result date="2010-07" />
	</result>
	<result idSite="2">
		<result date="2010-01">
			<nb_pageviews>2</nb_pageviews>
			<nb_uniq_pageviews>2</nb_uniq_pageviews>
			<nb_downloads>0</nb_downloads>
			<nb_uniq_downloads>0</nb_uniq_downloads>
			<nb_outlinks>0</nb_outlinks>
			<nb_uniq_outlinks>0</nb_uniq_outlinks>
			<nb_searches>3</nb_searches>
			<nb_keywords>3</nb_keywords>
		</result>
		<result date="2010-02" />
		<result date="2010-03" />
		<result date="2010-04" />
		<result date="2010-05" />
		<result date="2010-06" />
		<result date="2010-07" />
	</result>
	<result idSite="3">
		<result date="2010-01">
			<nb_pageviews>3</nb_pageviews>
			<nb_uniq_pageviews>3</nb_uniq_pageviews>
			<nb_downloads>0</nb_downloads>
			<nb_uniq_downloads>0</nb_uniq_downloads>
			<nb_outlinks>0</nb_outlinks>
			<nb_uniq_outlinks>0</nb_uniq_outlinks>
			<nb_searches>0</nb_searches>
			<nb_keywords>0</nb_keywords>
		</result>
		<result date="2010-02" />
		<result date="2010-03" />
		<result date="2010-04" />
		<result date="2010-05" />
		<result date="2010-06" />
		<result date="2010-07" />
	</result>
</results>