<?xml version="1.0" encoding="utf-8" ?>
<result>
	<row>
		<label> Profile page for user *_)%</label>
		<nb_visits>1</nb_visits>
		<nb_uniq_visitors>1</nb_uniq_visitors>
		<nb_hits>1</nb_hits>
		<sum_time_spent>0</sum_time_spent>
		<exit_nb_uniq_visitors>1</exit_nb_uniq_visitors>
		<exit_nb_visits>1</exit_nb_visits>
		<avg_time_on_page>0</avg_time_on_page>
		<bounce_rate>0%</bounce_rate>
		<exit_rate>100%</exit_rate>
	</row>
</result>