<?xml version="1.0" encoding="utf-8" ?>
<result>
	<column>nb_visits</column>
	<reportData>
		<result date="2010-03-01">
			<row>
				<nb_visits_0>0</nb_visits_0>
				<nb_visits_1>0</nb_visits_1>
			</row>
		</result>
		<result date="2010-03-02">
			<row>
				<nb_visits_0>1</nb_visits_0>
				<nb_visits_1>0</nb_visits_1>
			</row>
		</result>
		<result date="2010-03-03">
			<row>
				<nb_visits_0>0</nb_visits_0>
				<nb_visits_1>0</nb_visits_1>
			</row>
		</result>
		<result date="2010-03-04">
			<row>
				<nb_visits_0>1</nb_visits_0>
				<nb_visits_1>0</nb_visits_1>
			</row>
		</result>
		<result date="2010-03-05">
			<row>
				<nb_visits_0>0</nb_visits_0>
				<nb_visits_1>0</nb_visits_1>
			</row>
		</result>
		<result date="2010-03-06">
			<row>
				<nb_visits_0>1</nb_visits_0>
				<nb_visits_1>0</nb_visits_1>
			</row>
		</result>
	</reportData>
	<metadata>
		<metrics>
			<nb_visits_0>
				<name>Desktop (Visits)</name>
				<logo>plugins/DevicesDetection/images/screens/normal.gif</logo>
				<min>0</min>
				<max>1</max>
			</nb_visits_0>
			<nb_visits_1>
				<name>Mobile (Visits)</name>
			</nb_visits_1>
		</metrics>
		<dimension>Device type</dimension>
		<columns>
			<nb_visits>Visits</nb_visits>
			<nb_uniq_visitors>Unique visitors</nb_uniq_visitors>
			<nb_actions>Actions</nb_actions>
			<nb_users>Users</nb_users>
			<nb_actions_per_visit>Actions per Visit</nb_actions_per_visit>
			<avg_time_on_site>Avg. Time on Website</avg_time_on_site>
			<bounce_rate>Bounce Rate</bounce_rate>
			<conversion_rate>Conversion Rate</conversion_rate>
		</columns>
	</metadata>
</result>