<?xml version="1.0" encoding="utf-8" ?>
<result>&lt;!-- Piwik --&gt;
&lt;script type=&quot;text/javascript&quot;&gt;
  var _paq = _paq || [];
  _paq.push(['trackPageView']);
  _paq.push(['enableLinkTracking']);
  (function() {
    var u=&quot;//example.org/piwik/&quot;;
    _paq.push(['setTrackerUrl', u+'piwik.php']);
    _paq.push(['setSiteId', 1]);
    var d=document, g=d.createElement('script'), s=d.getElementsByTagName('script')[0];
    g.type='text/javascript'; g.async=true; g.defer=true; g.src=u+'piwik.js'; s.parentNode.insertBefore(g,s);
  })();
&lt;/script&gt;
&lt;noscript&gt;&lt;p&gt;&lt;img src=&quot;//example.org/piwik/piwik.php?idsite=1&quot; style=&quot;border:0;&quot; alt=&quot;&quot; /&gt;&lt;/p&gt;&lt;/noscript&gt;
&lt;!-- End Piwik Code --&gt;
</result>