<?xml version="1.0" encoding="utf-8" ?>
<results>
	<result idSite="1">
		<row>
			<label>Facebook</label>
			<nb_visits>3</nb_visits>
			<nb_actions>5</nb_actions>
			<max_actions>2</max_actions>
			<sum_visit_length>722</sum_visit_length>
			<bounce_count>1</bounce_count>
			<nb_visits_converted>0</nb_visits_converted>
			<sum_daily_nb_uniq_visitors>3</sum_daily_nb_uniq_visitors>
			<sum_daily_nb_users>0</sum_daily_nb_users>
			<url>facebook.com</url>
			<logo>plugins/Referrers/images/socials/facebook.com.png</logo>
		</row>
		<row>
			<label>Twitter</label>
			<nb_visits>3</nb_visits>
			<nb_actions>4</nb_actions>
			<max_actions>2</max_actions>
			<sum_visit_length>361</sum_visit_length>
			<bounce_count>2</bounce_count>
			<nb_visits_converted>0</nb_visits_converted>
			<sum_daily_nb_uniq_visitors>3</sum_daily_nb_uniq_visitors>
			<sum_daily_nb_users>0</sum_daily_nb_users>
			<url>twitter.com</url>
			<logo>plugins/Referrers/images/socials/twitter.com.png</logo>
		</row>
		<row>
			<label>Flickr</label>
			<nb_visits>1</nb_visits>
			<nb_actions>2</nb_actions>
			<max_actions>2</max_actions>
			<sum_visit_length>361</sum_visit_length>
			<bounce_count>0</bounce_count>
			<nb_visits_converted>0</nb_visits_converted>
			<sum_daily_nb_uniq_visitors>1</sum_daily_nb_uniq_visitors>
			<sum_daily_nb_users>0</sum_daily_nb_users>
			<url>flickr.com</url>
			<logo>plugins/Referrers/images/socials/flickr.com.png</logo>
		</row>
		<row>
			<label>Mixi</label>
			<nb_visits>1</nb_visits>
			<nb_actions>1</nb_actions>
			<max_actions>1</max_actions>
			<sum_visit_length>0</sum_visit_length>
			<bounce_count>1</bounce_count>
			<nb_visits_converted>0</nb_visits_converted>
			<sum_daily_nb_uniq_visitors>1</sum_daily_nb_uniq_visitors>
			<sum_daily_nb_users>0</sum_daily_nb_users>
			<url>mixi.jp</url>
			<logo>plugins/Referrers/images/socials/mixi.jp.png</logo>
		</row>
		<row>
			<label>Skyrock</label>
			<nb_visits>1</nb_visits>
			<nb_actions>2</nb_actions>
			<max_actions>2</max_actions>
			<sum_visit_length>361</sum_visit_length>
			<bounce_count>0</bounce_count>
			<nb_visits_converted>0</nb_visits_converted>
			<sum_daily_nb_uniq_visitors>1</sum_daily_nb_uniq_visitors>
			<sum_daily_nb_users>0</sum_daily_nb_users>
			<url>skyrock.com</url>
			<logo>plugins/Referrers/images/socials/skyrock.com.png</logo>
		</row>
		<row>
			<label>Xanga</label>
			<nb_visits>1</nb_visits>
			<nb_actions>1</nb_actions>
			<max_actions>1</max_actions>
			<sum_visit_length>0</sum_visit_length>
			<bounce_count>1</bounce_count>
			<nb_visits_converted>0</nb_visits_converted>
			<sum_daily_nb_uniq_visitors>1</sum_daily_nb_uniq_visitors>
			<sum_daily_nb_users>0</sum_daily_nb_users>
			<url>xanga.com</url>
			<logo>plugins/Referrers/images/socials/xanga.com.png</logo>
		</row>
	</result>
	<result idSite="2">
		<row>
			<label>Twitter</label>
			<nb_visits>2</nb_visits>
			<nb_actions>2</nb_actions>
			<max_actions>1</max_actions>
			<sum_visit_length>0</sum_visit_length>
			<bounce_count>2</bounce_count>
			<nb_visits_converted>0</nb_visits_converted>
			<sum_daily_nb_uniq_visitors>2</sum_daily_nb_uniq_visitors>
			<sum_daily_nb_users>0</sum_daily_nb_users>
			<url>twitter.com</url>
			<logo>plugins/Referrers/images/socials/twitter.com.png</logo>
		</row>
		<row>
			<label>Facebook</label>
			<nb_visits>1</nb_visits>
			<nb_actions>1</nb_actions>
			<max_actions>1</max_actions>
			<sum_visit_length>0</sum_visit_length>
			<bounce_count>1</bounce_count>
			<nb_visits_converted>0</nb_visits_converted>
			<sum_daily_nb_uniq_visitors>1</sum_daily_nb_uniq_visitors>
			<sum_daily_nb_users>0</sum_daily_nb_users>
			<url>facebook.com</url>
			<logo>plugins/Referrers/images/socials/facebook.com.png</logo>
		</row>
	</result>
</results>