<?xml version="1.0" encoding="utf-8" ?>
<result>
	<row key="1">
		<row>
			<row>2011-12-01</row>
			<row>
				<count>1</count>
				<starred>1</starred>
			</row>
		</row>
	</row>
</result>