<?xml version="1.0" encoding="utf-8" ?>
<result>
	<nb_uniq_visitors>3</nb_uniq_visitors>
	<nb_users>0</nb_users>
	<nb_visits>5</nb_visits>
	<nb_actions>5</nb_actions>
	<nb_visits_converted>0</nb_visits_converted>
	<bounce_count>5</bounce_count>
	<sum_visit_length>0</sum_visit_length>
	<max_actions>1</max_actions>
	<bounce_rate>100%</bounce_rate>
	<nb_actions_per_visit>1</nb_actions_per_visit>
	<avg_time_on_site>0</avg_time_on_site>
</result>