<?xml version="1.0" encoding="utf-8" ?>
<result>
	<row>
		<label>foo</label>
		<nb_visits>1</nb_visits>
		<nb_hits>2</nb_hits>
		<sum_time_spent>360</sum_time_spent>
		<avg_time_on_page>360</avg_time_on_page>
		<bounce_rate>0%</bounce_rate>
		<exit_rate>0%</exit_rate>
		<subtable>
			<row>
				<label>/bar2.html</label>
				<nb_visits>1</nb_visits>
				<nb_uniq_visitors>1</nb_uniq_visitors>
				<nb_hits>2</nb_hits>
				<sum_time_spent>360</sum_time_spent>
				<avg_time_on_page>360</avg_time_on_page>
				<bounce_rate>0%</bounce_rate>
				<exit_rate>0%</exit_rate>
				<url>https://www.example.org/foo/bar2.html</url>
			</row>
		</subtable>
	</row>
</result>