<?xml version="1.0" encoding="utf-8" ?>
<result>
	<row>comcast.net</row>
	<row>awesomeisp.com</row>
</result>